C:\Users\CynetAdmin\Documents\GitHub\phisiotrapifixbymimo\backend\config\settings.py:36: UserWarning: DJANGO_SECRET_KEY not set — generated a random key. Set it in .env for production!
  warnings.warn("DJANGO_SECRET_KEY not set — generated a random key. Set it in .env for production!")
[2026-09-29 19:12:36,749] INFO django.server "GET /api/site-editor/public/services/ HTTP/1.1" 200 2795
[2026-09-29 19:16:16,130] INFO django.server "GET /api/public/settings/ HTTP/1.1" 200 871
[2026-09-29 19:16:16,134] INFO django.server "GET /api/site-editor/public/branding/ HTTP/1.1" 200 57
[2026-09-29 19:16:16,134] INFO django.server "GET /api/site-editor/public/theme/ HTTP/1.1" 200 301
[2026-09-29 19:16:16,136] INFO django.server "GET /api/site-editor/public/content/ HTTP/1.1" 200 2951
[2026-09-29 19:16:16,137] INFO django.server "GET /api/public/settings/ HTTP/1.1" 200 871
[2026-09-29 19:16:16,137] INFO django.server "GET /api/site-editor/public/services/ HTTP/1.1" 200 2795
[2026-09-29 19:17:56,090] INFO django.server "GET /api/public/settings/ HTTP/1.1" 200 871
[2026-09-29 19:17:56,091] INFO django.server "GET /api/site-editor/public/branding/ HTTP/1.1" 200 57
[2026-09-29 19:17:56,091] INFO django.server "GET /api/site-editor/public/theme/ HTTP/1.1" 200 301
[2026-09-29 19:17:56,093] INFO django.server "GET /api/site-editor/public/content/ HTTP/1.1" 200 2951
[2026-09-29 19:17:56,095] INFO django.server "GET /api/public/settings/ HTTP/1.1" 200 871
[2026-09-29 19:17:56,118] INFO django.server "OPTIONS /api/site-editor/theme/ HTTP/1.1" 200 0
[2026-09-29 19:17:56,119] INFO django.server "OPTIONS /api/site-editor/theme/ HTTP/1.1" 200 0
[2026-09-29 19:17:56,130] WARNING config.exceptions API error: GET /api/site-editor/theme/ → 401: {'detail': ErrorDetail(string='توکن داده شده برای هیچ نوع توکنی معتبر نمی\u200cباشد', code='token_not_valid'), 'code': ErrorDetail(string='token_not_valid', code='token_not_valid'), 'messages': [{'token_class': ErrorDetail(string='AccessToken', code='token_not_valid'), 'token_type': ErrorDetail(string='access', code='token_not_valid'), 'message': ErrorDetail(string='توکن نامعتبر است یا منقضی شده است', code='token_not_valid')}]}
[2026-09-29 19:17:56,130] WARNING django.request Unauthorized: /api/site-editor/theme/
[2026-09-29 19:17:56,130] WARNING django.server "GET /api/site-editor/theme/ HTTP/1.1" 401 263
[2026-09-29 19:17:56,134] WARNING config.exceptions API error: GET /api/site-editor/theme/ → 401: {'detail': ErrorDetail(string='توکن داده شده برای هیچ نوع توکنی معتبر نمی\u200cباشد', code='token_not_valid'), 'code': ErrorDetail(string='token_not_valid', code='token_not_valid'), 'messages': [{'token_class': ErrorDetail(string='AccessToken', code='token_not_valid'), 'token_type': ErrorDetail(string='access', code='token_not_valid'), 'message': ErrorDetail(string='توکن نامعتبر است یا منقضی شده است', code='token_not_valid')}]}
[2026-09-29 19:17:56,135] WARNING django.request Unauthorized: /api/site-editor/theme/
[2026-09-29 19:17:56,135] WARNING django.server "GET /api/site-editor/theme/ HTTP/1.1" 401 263
[2026-09-29 19:17:56,140] WARNING config.exceptions API error: POST /api/auth/refresh/ → 401: {'detail': ErrorDetail(string='توکن نامعتبر است یا منقضی شده است', code='token_not_valid'), 'code': ErrorDetail(string='token_not_valid', code='token_not_valid')}
[2026-09-29 19:17:56,140] WARNING django.request Unauthorized: /api/auth/refresh/
[2026-09-29 19:17:56,141] WARNING django.server "POST /api/auth/refresh/ HTTP/1.1" 401 98
[2026-09-29 19:17:56,156] WARNING config.exceptions API error: POST /api/auth/refresh/ → 401: {'detail': ErrorDetail(string='توکن نامعتبر است یا منقضی شده است', code='token_not_valid'), 'code': ErrorDetail(string='token_not_valid', code='token_not_valid')}
[2026-09-29 19:17:56,157] WARNING django.request Unauthorized: /api/auth/refresh/
[2026-09-29 19:17:56,157] WARNING django.server "POST /api/auth/refresh/ HTTP/1.1" 401 98
[2026-09-29 19:19:59,373] INFO django.server "OPTIONS /api/admin/stats/ HTTP/1.1" 200 0
[2026-09-29 19:19:59,376] WARNING config.exceptions API error: GET /api/admin/stats/ → 401: {'detail': ErrorDetail(string='توکن داده شده برای هیچ نوع توکنی معتبر نمی\u200cباشد', code='token_not_valid'), 'code': ErrorDetail(string='token_not_valid', code='token_not_valid'), 'messages': [{'token_class': ErrorDetail(string='AccessToken', code='token_not_valid'), 'token_type': ErrorDetail(string='access', code='token_not_valid'), 'message': ErrorDetail(string='توکن نامعتبر است یا منقضی شده است', code='token_not_valid')}]}
[2026-09-29 19:19:59,377] WARNING django.request Unauthorized: /api/admin/stats/
[2026-09-29 19:19:59,377] WARNING django.server "GET /api/admin/stats/ HTTP/1.1" 401 263
[2026-09-29 19:19:59,382] WARNING config.exceptions API error: POST /api/auth/refresh/ → 401: {'detail': ErrorDetail(string='توکن نامعتبر است یا منقضی شده است', code='token_not_valid'), 'code': ErrorDetail(string='token_not_valid', code='token_not_valid')}
[2026-09-29 19:19:59,382] WARNING django.request Unauthorized: /api/auth/refresh/
[2026-09-29 19:19:59,382] WARNING django.server "POST /api/auth/refresh/ HTTP/1.1" 401 98
[2026-09-29 19:19:59,974] INFO django.server "GET /api/public/settings/ HTTP/1.1" 200 871
[2026-09-29 19:20:05,028] INFO django.server "OPTIONS /api/auth/login/ HTTP/1.1" 200 0
[2026-09-29 19:20:05,098] INFO django.server "POST /api/auth/login/ HTTP/1.1" 200 941
[2026-09-29 19:20:05,846] INFO django.server "OPTIONS /api/appointments/mine/ HTTP/1.1" 200 0
[2026-09-29 19:20:05,857] INFO django.server "GET /api/appointments/mine/ HTTP/1.1" 200 992
[2026-09-29 19:20:09,082] INFO django.server "GET /api/admin/stats/ HTTP/1.1" 200 6332
[2026-09-29 19:20:26,201] INFO django.server "OPTIONS /api/admin/settings/ HTTP/1.1" 200 0
[2026-09-29 19:20:26,209] INFO django.server "GET /api/admin/settings/ HTTP/1.1" 200 1179
[2026-09-29 19:20:43,660] INFO django.server "OPTIONS /api/site-editor/theme/ HTTP/1.1" 200 0
[2026-09-29 19:20:43,669] INFO django.server "GET /api/site-editor/theme/ HTTP/1.1" 200 301
[2026-09-29 19:20:43,677] INFO django.server "GET /api/site-editor/theme/ HTTP/1.1" 200 301
[2026-09-29 19:20:54,988] INFO django.server "OPTIONS /api/site-editor/services/ HTTP/1.1" 200 0
[2026-09-29 19:20:54,991] INFO django.server "OPTIONS /api/site-editor/media/ HTTP/1.1" 200 0
[2026-09-29 19:20:54,994] INFO django.server "GET /api/site-editor/services/ HTTP/1.1" 200 2795
[2026-09-29 19:20:54,997] ERROR config.exceptions Unhandled exception in <siteconfig.api.views.MediaLibraryView object at 0x000002DA18DCF7D0>
Traceback (most recent call last):
  File "C:\Users\CynetAdmin\Documents\GitHub\phisiotrapifixbymimo\backend\.venv\Lib\site-packages\rest_framework\views.py", line 506, in dispatch
    response = handler(request, *args, **kwargs)
               ^^^^^^^^^^^^^^^^^^^^^^^^^^^^^^^^^
  File "C:\Users\CynetAdmin\Documents\GitHub\phisiotrapifixbymimo\backend\siteconfig\api\views.py", line 162, in get
    return Response(MediaAssetSerializer(assets, many=True).data)
                    ^^^^^^^^^^^^^^^^^^^^^^^^^^^^^^^^^^^^^^^^^^^^
  File "C:\Users\CynetAdmin\Documents\GitHub\phisiotrapifixbymimo\backend\.venv\Lib\site-packages\rest_framework\serializers.py", line 795, in data
    ret = super().data
          ^^^^^^^^^^^^
  File "C:\Users\CynetAdmin\Documents\GitHub\phisiotrapifixbymimo\backend\.venv\Lib\site-packages\rest_framework\serializers.py", line 249, in data
    self._data = self.to_representation(self.instance)
                 ^^^^^^^^^^^^^^^^^^^^^^^^^^^^^^^^^^^^^
  File "C:\Users\CynetAdmin\Documents\GitHub\phisiotrapifixbymimo\backend\.venv\Lib\site-packages\rest_framework\serializers.py", line 714, in to_representation
    self.child.to_representation(item) for item in iterable
                                                   ^^^^^^^^
  File "C:\Users\CynetAdmin\Documents\GitHub\phisiotrapifixbymimo\backend\.venv\Lib\site-packages\django\db\models\query.py", line 400, in __iter__
    self._fetch_all()
  File "C:\Users\CynetAdmin\Documents\GitHub\phisiotrapifixbymimo\backend\.venv\Lib\site-packages\django\db\models\query.py", line 1928, in _fetch_all
    self._result_cache = list(self._iterable_class(self))
                         ^^^^^^^^^^^^^^^^^^^^^^^^^^^^^^^^
  File "C:\Users\CynetAdmin\Documents\GitHub\phisiotrapifixbymimo\backend\.venv\Lib\site-packages\django\db\models\query.py", line 123, in __iter__
    for row in compiler.results_iter(results):
               ^^^^^^^^^^^^^^^^^^^^^^^^^^^^^^
  File "C:\Users\CynetAdmin\Documents\GitHub\phisiotrapifixbymimo\backend\.venv\Lib\site-packages\django\db\models\sql\compiler.py", line 1512, in apply_converters
    value = converter(value, expression, connection)
            ^^^^^^^^^^^^^^^^^^^^^^^^^^^^^^^^^^^^^^^^
  File "C:\Users\CynetAdmin\Documents\GitHub\phisiotrapifixbymimo\backend\.venv\Lib\site-packages\django\db\backends\sqlite3\operations.py", line 350, in convert_uuidfield_value
    value = uuid.UUID(value)
            ^^^^^^^^^^^^^^^^
  File "C:\hostedtoolcache\windows\Python\3.12.10\x64\Lib\uuid.py", line 178, in __init__
    raise ValueError('badly formed hexadecimal UUID string')
ValueError: badly formed hexadecimal UUID string
[2026-09-29 19:20:55,022] ERROR django.request Internal Server Error: /api/site-editor/media/
Traceback (most recent call last):
  File "C:\Users\CynetAdmin\Documents\GitHub\phisiotrapifixbymimo\backend\.venv\Lib\site-packages\django\core\handlers\exception.py", line 55, in inner
    response = get_response(request)
               ^^^^^^^^^^^^^^^^^^^^^
  File "C:\Users\CynetAdmin\Documents\GitHub\phisiotrapifixbymimo\backend\.venv\Lib\site-packages\django\core\handlers\base.py", line 197, in _get_response
    response = wrapped_callback(request, *callback_args, **callback_kwargs)
               ^^^^^^^^^^^^^^^^^^^^^^^^^^^^^^^^^^^^^^^^^^^^^^^^^^^^^^^^^^^^
  File "C:\Users\CynetAdmin\Documents\GitHub\phisiotrapifixbymimo\backend\.venv\Lib\site-packages\django\views\decorators\csrf.py", line 65, in _view_wrapper
    return view_func(request, *args, **kwargs)
           ^^^^^^^^^^^^^^^^^^^^^^^^^^^^^^^^^^^
  File "C:\Users\CynetAdmin\Documents\GitHub\phisiotrapifixbymimo\backend\.venv\Lib\site-packages\django\views\generic\base.py", line 104, in view
    return self.dispatch(request, *args, **kwargs)
           ^^^^^^^^^^^^^^^^^^^^^^^^^^^^^^^^^^^^^^^
  File "C:\Users\CynetAdmin\Documents\GitHub\phisiotrapifixbymimo\backend\.venv\Lib\site-packages\rest_framework\views.py", line 509, in dispatch
    response = self.handle_exception(exc)
               ^^^^^^^^^^^^^^^^^^^^^^^^^^
  File "C:\Users\CynetAdmin\Documents\GitHub\phisiotrapifixbymimo\backend\.venv\Lib\site-packages\rest_framework\views.py", line 469, in handle_exception
    self.raise_uncaught_exception(exc)
  File "C:\Users\CynetAdmin\Documents\GitHub\phisiotrapifixbymimo\backend\.venv\Lib\site-packages\rest_framework\views.py", line 480, in raise_uncaught_exception
    raise exc
  File "C:\Users\CynetAdmin\Documents\GitHub\phisiotrapifixbymimo\backend\.venv\Lib\site-packages\rest_framework\views.py", line 506, in dispatch
    response = handler(request, *args, **kwargs)
               ^^^^^^^^^^^^^^^^^^^^^^^^^^^^^^^^^
  File "C:\Users\CynetAdmin\Documents\GitHub\phisiotrapifixbymimo\backend\siteconfig\api\views.py", line 162, in get
    return Response(MediaAssetSerializer(assets, many=True).data)
                    ^^^^^^^^^^^^^^^^^^^^^^^^^^^^^^^^^^^^^^^^^^^^
  File "C:\Users\CynetAdmin\Documents\GitHub\phisiotrapifixbymimo\backend\.venv\Lib\site-packages\rest_framework\serializers.py", line 795, in data
    ret = super().data
          ^^^^^^^^^^^^
  File "C:\Users\CynetAdmin\Documents\GitHub\phisiotrapifixbymimo\backend\.venv\Lib\site-packages\rest_framework\serializers.py", line 249, in data
    self._data = self.to_representation(self.instance)
                 ^^^^^^^^^^^^^^^^^^^^^^^^^^^^^^^^^^^^^
  File "C:\Users\CynetAdmin\Documents\GitHub\phisiotrapifixbymimo\backend\.venv\Lib\site-packages\rest_framework\serializers.py", line 714, in to_representation
    self.child.to_representation(item) for item in iterable
                                                   ^^^^^^^^
  File "C:\Users\CynetAdmin\Documents\GitHub\phisiotrapifixbymimo\backend\.venv\Lib\site-packages\django\db\models\query.py", line 400, in __iter__
    self._fetch_all()
  File "C:\Users\CynetAdmin\Documents\GitHub\phisiotrapifixbymimo\backend\.venv\Lib\site-packages\django\db\models\query.py", line 1928, in _fetch_all
    self._result_cache = list(self._iterable_class(self))
                         ^^^^^^^^^^^^^^^^^^^^^^^^^^^^^^^^
  File "C:\Users\CynetAdmin\Documents\GitHub\phisiotrapifixbymimo\backend\.venv\Lib\site-packages\django\db\models\query.py", line 123, in __iter__
    for row in compiler.results_iter(results):
               ^^^^^^^^^^^^^^^^^^^^^^^^^^^^^^
  File "C:\Users\CynetAdmin\Documents\GitHub\phisiotrapifixbymimo\backend\.venv\Lib\site-packages\django\db\models\sql\compiler.py", line 1512, in apply_converters
    value = converter(value, expression, connection)
            ^^^^^^^^^^^^^^^^^^^^^^^^^^^^^^^^^^^^^^^^
  File "C:\Users\CynetAdmin\Documents\GitHub\phisiotrapifixbymimo\backend\.venv\Lib\site-packages\django\db\backends\sqlite3\operations.py", line 350, in convert_uuidfield_value
    value = uuid.UUID(value)
            ^^^^^^^^^^^^^^^^
  File "C:\hostedtoolcache\windows\Python\3.12.10\x64\Lib\uuid.py", line 178, in __init__
    raise ValueError('badly formed hexadecimal UUID string')
ValueError: badly formed hexadecimal UUID string
[2026-09-29 19:20:55,024] ERROR django.server "GET /api/site-editor/media/ HTTP/1.1" 500 28941
[2026-09-29 19:20:56,041] ERROR config.exceptions Unhandled exception in <siteconfig.api.views.MediaLibraryView object at 0x000002DA18DCE8D0>
Traceback (most recent call last):
  File "C:\Users\CynetAdmin\Documents\GitHub\phisiotrapifixbymimo\backend\.venv\Lib\site-packages\rest_framework\views.py", line 506, in dispatch
    response = handler(request, *args, **kwargs)
               ^^^^^^^^^^^^^^^^^^^^^^^^^^^^^^^^^
  File "C:\Users\CynetAdmin\Documents\GitHub\phisiotrapifixbymimo\backend\siteconfig\api\views.py", line 162, in get
    return Response(MediaAssetSerializer(assets, many=True).data)
                    ^^^^^^^^^^^^^^^^^^^^^^^^^^^^^^^^^^^^^^^^^^^^
  File "C:\Users\CynetAdmin\Documents\GitHub\phisiotrapifixbymimo\backend\.venv\Lib\site-packages\rest_framework\serializers.py", line 795, in data
    ret = super().data
          ^^^^^^^^^^^^
  File "C:\Users\CynetAdmin\Documents\GitHub\phisiotrapifixbymimo\backend\.venv\Lib\site-packages\rest_framework\serializers.py", line 249, in data
    self._data = self.to_representation(self.instance)
                 ^^^^^^^^^^^^^^^^^^^^^^^^^^^^^^^^^^^^^
  File "C:\Users\CynetAdmin\Documents\GitHub\phisiotrapifixbymimo\backend\.venv\Lib\site-packages\rest_framework\serializers.py", line 714, in to_representation
    self.child.to_representation(item) for item in iterable
                                                   ^^^^^^^^
  File "C:\Users\CynetAdmin\Documents\GitHub\phisiotrapifixbymimo\backend\.venv\Lib\site-packages\django\db\models\query.py", line 400, in __iter__
    self._fetch_all()
  File "C:\Users\CynetAdmin\Documents\GitHub\phisiotrapifixbymimo\backend\.venv\Lib\site-packages\django\db\models\query.py", line 1928, in _fetch_all
    self._result_cache = list(self._iterable_class(self))
                         ^^^^^^^^^^^^^^^^^^^^^^^^^^^^^^^^
  File "C:\Users\CynetAdmin\Documents\GitHub\phisiotrapifixbymimo\backend\.venv\Lib\site-packages\django\db\models\query.py", line 123, in __iter__
    for row in compiler.results_iter(results):
               ^^^^^^^^^^^^^^^^^^^^^^^^^^^^^^
  File "C:\Users\CynetAdmin\Documents\GitHub\phisiotrapifixbymimo\backend\.venv\Lib\site-packages\django\db\models\sql\compiler.py", line 1512, in apply_converters
    value = converter(value, expression, connection)
            ^^^^^^^^^^^^^^^^^^^^^^^^^^^^^^^^^^^^^^^^
  File "C:\Users\CynetAdmin\Documents\GitHub\phisiotrapifixbymimo\backend\.venv\Lib\site-packages\django\db\backends\sqlite3\operations.py", line 350, in convert_uuidfield_value
    value = uuid.UUID(value)
            ^^^^^^^^^^^^^^^^
  File "C:\hostedtoolcache\windows\Python\3.12.10\x64\Lib\uuid.py", line 178, in __init__
    raise ValueError('badly formed hexadecimal UUID string')
ValueError: badly formed hexadecimal UUID string
[2026-09-29 19:20:56,053] ERROR django.request Internal Server Error: /api/site-editor/media/
Traceback (most recent call last):
  File "C:\Users\CynetAdmin\Documents\GitHub\phisiotrapifixbymimo\backend\.venv\Lib\site-packages\django\core\handlers\exception.py", line 55, in inner
    response = get_response(request)
               ^^^^^^^^^^^^^^^^^^^^^
  File "C:\Users\CynetAdmin\Documents\GitHub\phisiotrapifixbymimo\backend\.venv\Lib\site-packages\django\core\handlers\base.py", line 197, in _get_response
    response = wrapped_callback(request, *callback_args, **callback_kwargs)
               ^^^^^^^^^^^^^^^^^^^^^^^^^^^^^^^^^^^^^^^^^^^^^^^^^^^^^^^^^^^^
  File "C:\Users\CynetAdmin\Documents\GitHub\phisiotrapifixbymimo\backend\.venv\Lib\site-packages\django\views\decorators\csrf.py", line 65, in _view_wrapper
    return view_func(request, *args, **kwargs)
           ^^^^^^^^^^^^^^^^^^^^^^^^^^^^^^^^^^^
  File "C:\Users\CynetAdmin\Documents\GitHub\phisiotrapifixbymimo\backend\.venv\Lib\site-packages\django\views\generic\base.py", line 104, in view
    return self.dispatch(request, *args, **kwargs)
           ^^^^^^^^^^^^^^^^^^^^^^^^^^^^^^^^^^^^^^^
  File "C:\Users\CynetAdmin\Documents\GitHub\phisiotrapifixbymimo\backend\.venv\Lib\site-packages\rest_framework\views.py", line 509, in dispatch
    response = self.handle_exception(exc)
               ^^^^^^^^^^^^^^^^^^^^^^^^^^
  File "C:\Users\CynetAdmin\Documents\GitHub\phisiotrapifixbymimo\backend\.venv\Lib\site-packages\rest_framework\views.py", line 469, in handle_exception
    self.raise_uncaught_exception(exc)
  File "C:\Users\CynetAdmin\Documents\GitHub\phisiotrapifixbymimo\backend\.venv\Lib\site-packages\rest_framework\views.py", line 480, in raise_uncaught_exception
    raise exc
  File "C:\Users\CynetAdmin\Documents\GitHub\phisiotrapifixbymimo\backend\.venv\Lib\site-packages\rest_framework\views.py", line 506, in dispatch
    response = handler(request, *args, **kwargs)
               ^^^^^^^^^^^^^^^^^^^^^^^^^^^^^^^^^
  File "C:\Users\CynetAdmin\Documents\GitHub\phisiotrapifixbymimo\backend\siteconfig\api\views.py", line 162, in get
    return Response(MediaAssetSerializer(assets, many=True).data)
                    ^^^^^^^^^^^^^^^^^^^^^^^^^^^^^^^^^^^^^^^^^^^^
  File "C:\Users\CynetAdmin\Documents\GitHub\phisiotrapifixbymimo\backend\.venv\Lib\site-packages\rest_framework\serializers.py", line 795, in data
    ret = super().data
          ^^^^^^^^^^^^
  File "C:\Users\CynetAdmin\Documents\GitHub\phisiotrapifixbymimo\backend\.venv\Lib\site-packages\rest_framework\serializers.py", line 249, in data
    self._data = self.to_representation(self.instance)
                 ^^^^^^^^^^^^^^^^^^^^^^^^^^^^^^^^^^^^^
  File "C:\Users\CynetAdmin\Documents\GitHub\phisiotrapifixbymimo\backend\.venv\Lib\site-packages\rest_framework\serializers.py", line 714, in to_representation
    self.child.to_representation(item) for item in iterable
                                                   ^^^^^^^^
  File "C:\Users\CynetAdmin\Documents\GitHub\phisiotrapifixbymimo\backend\.venv\Lib\site-packages\django\db\models\query.py", line 400, in __iter__
    self._fetch_all()
  File "C:\Users\CynetAdmin\Documents\GitHub\phisiotrapifixbymimo\backend\.venv\Lib\site-packages\django\db\models\query.py", line 1928, in _fetch_all
    self._result_cache = list(self._iterable_class(self))
                         ^^^^^^^^^^^^^^^^^^^^^^^^^^^^^^^^
  File "C:\Users\CynetAdmin\Documents\GitHub\phisiotrapifixbymimo\backend\.venv\Lib\site-packages\django\db\models\query.py", line 123, in __iter__
    for row in compiler.results_iter(results):
               ^^^^^^^^^^^^^^^^^^^^^^^^^^^^^^
  File "C:\Users\CynetAdmin\Documents\GitHub\phisiotrapifixbymimo\backend\.venv\Lib\site-packages\django\db\models\sql\compiler.py", line 1512, in apply_converters
    value = converter(value, expression, connection)
            ^^^^^^^^^^^^^^^^^^^^^^^^^^^^^^^^^^^^^^^^
  File "C:\Users\CynetAdmin\Documents\GitHub\phisiotrapifixbymimo\backend\.venv\Lib\site-packages\django\db\backends\sqlite3\operations.py", line 350, in convert_uuidfield_value
    value = uuid.UUID(value)
            ^^^^^^^^^^^^^^^^
  File "C:\hostedtoolcache\windows\Python\3.12.10\x64\Lib\uuid.py", line 178, in __init__
    raise ValueError('badly formed hexadecimal UUID string')
ValueError: badly formed hexadecimal UUID string
[2026-09-29 19:20:56,055] ERROR django.server "GET /api/site-editor/media/ HTTP/1.1" 500 28941
[2026-09-29 19:21:05,696] INFO django.server "GET /api/site-editor/public/services/ HTTP/1.1" 200 2795
[2026-09-29 19:21:05,696] INFO django.server "GET /api/public/settings/ HTTP/1.1" 200 871
[2026-09-29 19:21:05,707] INFO django.server "GET /api/site-editor/public/content/ HTTP/1.1" 200 2951
[2026-09-29 19:21:05,709] INFO django.server "GET /api/site-editor/public/theme/ HTTP/1.1" 200 301
[2026-09-29 19:21:05,709] INFO django.server "GET /api/site-editor/public/branding/ HTTP/1.1" 200 57
[2026-09-29 19:21:05,711] INFO django.server "GET /api/public/settings/ HTTP/1.1" 200 871
[2026-09-29 19:21:23,424] INFO django.server "OPTIONS /api/auth/login/ HTTP/1.1" 200 0
[2026-09-29 19:21:23,489] INFO django.server "POST /api/auth/login/ HTTP/1.1" 200 941
[2026-09-29 19:21:23,647] INFO django.server "OPTIONS /api/appointments/mine/ HTTP/1.1" 200 0
[2026-09-29 19:21:23,654] INFO django.server "GET /api/appointments/mine/ HTTP/1.1" 200 992
[2026-09-29 19:22:23,902] INFO django.server "GET /api/public/settings/ HTTP/1.1" 200 871
[2026-09-29 19:22:23,905] INFO django.server "GET /api/site-editor/public/branding/ HTTP/1.1" 200 57
[2026-09-29 19:22:23,905] INFO django.server "GET /api/site-editor/public/content/ HTTP/1.1" 200 2951
[2026-09-29 19:22:23,905] INFO django.server "GET /api/site-editor/public/theme/ HTTP/1.1" 200 301
[2026-09-29 19:22:23,907] INFO django.server "GET /api/public/settings/ HTTP/1.1" 200 871
[2026-09-29 19:22:23,935] INFO django.server "GET /api/site-editor/theme/ HTTP/1.1" 200 301
[2026-09-29 19:22:23,938] INFO django.server "GET /api/site-editor/theme/ HTTP/1.1" 200 301
[2026-09-29 19:23:34,721] INFO django.server "OPTIONS /api/site-editor/services/ HTTP/1.1" 200 0
[2026-09-29 19:23:34,721] INFO django.server "OPTIONS /api/site-editor/media/ HTTP/1.1" 200 0
[2026-09-29 19:23:34,727] ERROR config.exceptions Unhandled exception in <siteconfig.api.views.MediaLibraryView object at 0x000002DA192B19A0>
Traceback (most recent call last):
  File "C:\Users\CynetAdmin\Documents\GitHub\phisiotrapifixbymimo\backend\.venv\Lib\site-packages\rest_framework\views.py", line 506, in dispatch
    response = handler(request, *args, **kwargs)
               ^^^^^^^^^^^^^^^^^^^^^^^^^^^^^^^^^
  File "C:\Users\CynetAdmin\Documents\GitHub\phisiotrapifixbymimo\backend\siteconfig\api\views.py", line 162, in get
    return Response(MediaAssetSerializer(assets, many=True).data)
                    ^^^^^^^^^^^^^^^^^^^^^^^^^^^^^^^^^^^^^^^^^^^^
  File "C:\Users\CynetAdmin\Documents\GitHub\phisiotrapifixbymimo\backend\.venv\Lib\site-packages\rest_framework\serializers.py", line 795, in data
    ret = super().data
          ^^^^^^^^^^^^
  File "C:\Users\CynetAdmin\Documents\GitHub\phisiotrapifixbymimo\backend\.venv\Lib\site-packages\rest_framework\serializers.py", line 249, in data
    self._data = self.to_representation(self.instance)
                 ^^^^^^^^^^^^^^^^^^^^^^^^^^^^^^^^^^^^^
  File "C:\Users\CynetAdmin\Documents\GitHub\phisiotrapifixbymimo\backend\.venv\Lib\site-packages\rest_framework\serializers.py", line 714, in to_representation
    self.child.to_representation(item) for item in iterable
                                                   ^^^^^^^^
  File "C:\Users\CynetAdmin\Documents\GitHub\phisiotrapifixbymimo\backend\.venv\Lib\site-packages\django\db\models\query.py", line 400, in __iter__
    self._fetch_all()
  File "C:\Users\CynetAdmin\Documents\GitHub\phisiotrapifixbymimo\backend\.venv\Lib\site-packages\django\db\models\query.py", line 1928, in _fetch_all
    self._result_cache = list(self._iterable_class(self))
                         ^^^^^^^^^^^^^^^^^^^^^^^^^^^^^^^^
  File "C:\Users\CynetAdmin\Documents\GitHub\phisiotrapifixbymimo\backend\.venv\Lib\site-packages\django\db\models\query.py", line 123, in __iter__
    for row in compiler.results_iter(results):
               ^^^^^^^^^^^^^^^^^^^^^^^^^^^^^^
  File "C:\Users\CynetAdmin\Documents\GitHub\phisiotrapifixbymimo\backend\.venv\Lib\site-packages\django\db\models\sql\compiler.py", line 1512, in apply_converters
    value = converter(value, expression, connection)
            ^^^^^^^^^^^^^^^^^^^^^^^^^^^^^^^^^^^^^^^^
  File "C:\Users\CynetAdmin\Documents\GitHub\phisiotrapifixbymimo\backend\.venv\Lib\site-packages\django\db\backends\sqlite3\operations.py", line 350, in convert_uuidfield_value
    value = uuid.UUID(value)
            ^^^^^^^^^^^^^^^^
  File "C:\hostedtoolcache\windows\Python\3.12.10\x64\Lib\uuid.py", line 178, in __init__
    raise ValueError('badly formed hexadecimal UUID string')
ValueError: badly formed hexadecimal UUID string
[2026-09-29 19:23:34,736] INFO django.server "GET /api/site-editor/services/ HTTP/1.1" 200 2795
[2026-09-29 19:23:34,753] ERROR django.request Internal Server Error: /api/site-editor/media/
Traceback (most recent call last):
  File "C:\Users\CynetAdmin\Documents\GitHub\phisiotrapifixbymimo\backend\.venv\Lib\site-packages\django\core\handlers\exception.py", line 55, in inner
    response = get_response(request)
               ^^^^^^^^^^^^^^^^^^^^^
  File "C:\Users\CynetAdmin\Documents\GitHub\phisiotrapifixbymimo\backend\.venv\Lib\site-packages\django\core\handlers\base.py", line 197, in _get_response
    response = wrapped_callback(request, *callback_args, **callback_kwargs)
               ^^^^^^^^^^^^^^^^^^^^^^^^^^^^^^^^^^^^^^^^^^^^^^^^^^^^^^^^^^^^
  File "C:\Users\CynetAdmin\Documents\GitHub\phisiotrapifixbymimo\backend\.venv\Lib\site-packages\django\views\decorators\csrf.py", line 65, in _view_wrapper
    return view_func(request, *args, **kwargs)
           ^^^^^^^^^^^^^^^^^^^^^^^^^^^^^^^^^^^
  File "C:\Users\CynetAdmin\Documents\GitHub\phisiotrapifixbymimo\backend\.venv\Lib\site-packages\django\views\generic\base.py", line 104, in view
    return self.dispatch(request, *args, **kwargs)
           ^^^^^^^^^^^^^^^^^^^^^^^^^^^^^^^^^^^^^^^
  File "C:\Users\CynetAdmin\Documents\GitHub\phisiotrapifixbymimo\backend\.venv\Lib\site-packages\rest_framework\views.py", line 509, in dispatch
    response = self.handle_exception(exc)
               ^^^^^^^^^^^^^^^^^^^^^^^^^^
  File "C:\Users\CynetAdmin\Documents\GitHub\phisiotrapifixbymimo\backend\.venv\Lib\site-packages\rest_framework\views.py", line 469, in handle_exception
    self.raise_uncaught_exception(exc)
  File "C:\Users\CynetAdmin\Documents\GitHub\phisiotrapifixbymimo\backend\.venv\Lib\site-packages\rest_framework\views.py", line 480, in raise_uncaught_exception
    raise exc
  File "C:\Users\CynetAdmin\Documents\GitHub\phisiotrapifixbymimo\backend\.venv\Lib\site-packages\rest_framework\views.py", line 506, in dispatch
    response = handler(request, *args, **kwargs)
               ^^^^^^^^^^^^^^^^^^^^^^^^^^^^^^^^^
  File "C:\Users\CynetAdmin\Documents\GitHub\phisiotrapifixbymimo\backend\siteconfig\api\views.py", line 162, in get
    return Response(MediaAssetSerializer(assets, many=True).data)
                    ^^^^^^^^^^^^^^^^^^^^^^^^^^^^^^^^^^^^^^^^^^^^
  File "C:\Users\CynetAdmin\Documents\GitHub\phisiotrapifixbymimo\backend\.venv\Lib\site-packages\rest_framework\serializers.py", line 795, in data
    ret = super().data
          ^^^^^^^^^^^^
  File "C:\Users\CynetAdmin\Documents\GitHub\phisiotrapifixbymimo\backend\.venv\Lib\site-packages\rest_framework\serializers.py", line 249, in data
    self._data = self.to_representation(self.instance)
                 ^^^^^^^^^^^^^^^^^^^^^^^^^^^^^^^^^^^^^
  File "C:\Users\CynetAdmin\Documents\GitHub\phisiotrapifixbymimo\backend\.venv\Lib\site-packages\rest_framework\serializers.py", line 714, in to_representation
    self.child.to_representation(item) for item in iterable
                                                   ^^^^^^^^
  File "C:\Users\CynetAdmin\Documents\GitHub\phisiotrapifixbymimo\backend\.venv\Lib\site-packages\django\db\models\query.py", line 400, in __iter__
    self._fetch_all()
  File "C:\Users\CynetAdmin\Documents\GitHub\phisiotrapifixbymimo\backend\.venv\Lib\site-packages\django\db\models\query.py", line 1928, in _fetch_all
    self._result_cache = list(self._iterable_class(self))
                         ^^^^^^^^^^^^^^^^^^^^^^^^^^^^^^^^
  File "C:\Users\CynetAdmin\Documents\GitHub\phisiotrapifixbymimo\backend\.venv\Lib\site-packages\django\db\models\query.py", line 123, in __iter__
    for row in compiler.results_iter(results):
               ^^^^^^^^^^^^^^^^^^^^^^^^^^^^^^
  File "C:\Users\CynetAdmin\Documents\GitHub\phisiotrapifixbymimo\backend\.venv\Lib\site-packages\django\db\models\sql\compiler.py", line 1512, in apply_converters
    value = converter(value, expression, connection)
            ^^^^^^^^^^^^^^^^^^^^^^^^^^^^^^^^^^^^^^^^
  File "C:\Users\CynetAdmin\Documents\GitHub\phisiotrapifixbymimo\backend\.venv\Lib\site-packages\django\db\backends\sqlite3\operations.py", line 350, in convert_uuidfield_value
    value = uuid.UUID(value)
            ^^^^^^^^^^^^^^^^
  File "C:\hostedtoolcache\windows\Python\3.12.10\x64\Lib\uuid.py", line 178, in __init__
    raise ValueError('badly formed hexadecimal UUID string')
ValueError: badly formed hexadecimal UUID string
[2026-09-29 19:23:34,754] ERROR django.server "GET /api/site-editor/media/ HTTP/1.1" 500 28937
[2026-09-29 19:23:35,780] ERROR config.exceptions Unhandled exception in <siteconfig.api.views.MediaLibraryView object at 0x000002DA1926C680>
Traceback (most recent call last):
  File "C:\Users\CynetAdmin\Documents\GitHub\phisiotrapifixbymimo\backend\.venv\Lib\site-packages\rest_framework\views.py", line 506, in dispatch
    response = handler(request, *args, **kwargs)
               ^^^^^^^^^^^^^^^^^^^^^^^^^^^^^^^^^
  File "C:\Users\CynetAdmin\Documents\GitHub\phisiotrapifixbymimo\backend\siteconfig\api\views.py", line 162, in get
    return Response(MediaAssetSerializer(assets, many=True).data)
                    ^^^^^^^^^^^^^^^^^^^^^^^^^^^^^^^^^^^^^^^^^^^^
  File "C:\Users\CynetAdmin\Documents\GitHub\phisiotrapifixbymimo\backend\.venv\Lib\site-packages\rest_framework\serializers.py", line 795, in data
    ret = super().data
          ^^^^^^^^^^^^
  File "C:\Users\CynetAdmin\Documents\GitHub\phisiotrapifixbymimo\backend\.venv\Lib\site-packages\rest_framework\serializers.py", line 249, in data
    self._data = self.to_representation(self.instance)
                 ^^^^^^^^^^^^^^^^^^^^^^^^^^^^^^^^^^^^^
  File "C:\Users\CynetAdmin\Documents\GitHub\phisiotrapifixbymimo\backend\.venv\Lib\site-packages\rest_framework\serializers.py", line 714, in to_representation
    self.child.to_representation(item) for item in iterable
                                                   ^^^^^^^^
  File "C:\Users\CynetAdmin\Documents\GitHub\phisiotrapifixbymimo\backend\.venv\Lib\site-packages\django\db\models\query.py", line 400, in __iter__
    self._fetch_all()
  File "C:\Users\CynetAdmin\Documents\GitHub\phisiotrapifixbymimo\backend\.venv\Lib\site-packages\django\db\models\query.py", line 1928, in _fetch_all
    self._result_cache = list(self._iterable_class(self))
                         ^^^^^^^^^^^^^^^^^^^^^^^^^^^^^^^^
  File "C:\Users\CynetAdmin\Documents\GitHub\phisiotrapifixbymimo\backend\.venv\Lib\site-packages\django\db\models\query.py", line 123, in __iter__
    for row in compiler.results_iter(results):
               ^^^^^^^^^^^^^^^^^^^^^^^^^^^^^^
  File "C:\Users\CynetAdmin\Documents\GitHub\phisiotrapifixbymimo\backend\.venv\Lib\site-packages\django\db\models\sql\compiler.py", line 1512, in apply_converters
    value = converter(value, expression, connection)
            ^^^^^^^^^^^^^^^^^^^^^^^^^^^^^^^^^^^^^^^^
  File "C:\Users\CynetAdmin\Documents\GitHub\phisiotrapifixbymimo\backend\.venv\Lib\site-packages\django\db\backends\sqlite3\operations.py", line 350, in convert_uuidfield_value
    value = uuid.UUID(value)
            ^^^^^^^^^^^^^^^^
  File "C:\hostedtoolcache\windows\Python\3.12.10\x64\Lib\uuid.py", line 178, in __init__
    raise ValueError('badly formed hexadecimal UUID string')
ValueError: badly formed hexadecimal UUID string
[2026-09-29 19:23:35,793] ERROR django.request Internal Server Error: /api/site-editor/media/
Traceback (most recent call last):
  File "C:\Users\CynetAdmin\Documents\GitHub\phisiotrapifixbymimo\backend\.venv\Lib\site-packages\django\core\handlers\exception.py", line 55, in inner
    response = get_response(request)
               ^^^^^^^^^^^^^^^^^^^^^
  File "C:\Users\CynetAdmin\Documents\GitHub\phisiotrapifixbymimo\backend\.venv\Lib\site-packages\django\core\handlers\base.py", line 197, in _get_response
    response = wrapped_callback(request, *callback_args, **callback_kwargs)
               ^^^^^^^^^^^^^^^^^^^^^^^^^^^^^^^^^^^^^^^^^^^^^^^^^^^^^^^^^^^^
  File "C:\Users\CynetAdmin\Documents\GitHub\phisiotrapifixbymimo\backend\.venv\Lib\site-packages\django\views\decorators\csrf.py", line 65, in _view_wrapper
    return view_func(request, *args, **kwargs)
           ^^^^^^^^^^^^^^^^^^^^^^^^^^^^^^^^^^^
  File "C:\Users\CynetAdmin\Documents\GitHub\phisiotrapifixbymimo\backend\.venv\Lib\site-packages\django\views\generic\base.py", line 104, in view
    return self.dispatch(request, *args, **kwargs)
           ^^^^^^^^^^^^^^^^^^^^^^^^^^^^^^^^^^^^^^^
  File "C:\Users\CynetAdmin\Documents\GitHub\phisiotrapifixbymimo\backend\.venv\Lib\site-packages\rest_framework\views.py", line 509, in dispatch
    response = self.handle_exception(exc)
               ^^^^^^^^^^^^^^^^^^^^^^^^^^
  File "C:\Users\CynetAdmin\Documents\GitHub\phisiotrapifixbymimo\backend\.venv\Lib\site-packages\rest_framework\views.py", line 469, in handle_exception
    self.raise_uncaught_exception(exc)
  File "C:\Users\CynetAdmin\Documents\GitHub\phisiotrapifixbymimo\backend\.venv\Lib\site-packages\rest_framework\views.py", line 480, in raise_uncaught_exception
    raise exc
  File "C:\Users\CynetAdmin\Documents\GitHub\phisiotrapifixbymimo\backend\.venv\Lib\site-packages\rest_framework\views.py", line 506, in dispatch
    response = handler(request, *args, **kwargs)
               ^^^^^^^^^^^^^^^^^^^^^^^^^^^^^^^^^
  File "C:\Users\CynetAdmin\Documents\GitHub\phisiotrapifixbymimo\backend\siteconfig\api\views.py", line 162, in get
    return Response(MediaAssetSerializer(assets, many=True).data)
                    ^^^^^^^^^^^^^^^^^^^^^^^^^^^^^^^^^^^^^^^^^^^^
  File "C:\Users\CynetAdmin\Documents\GitHub\phisiotrapifixbymimo\backend\.venv\Lib\site-packages\rest_framework\serializers.py", line 795, in data
    ret = super().data
          ^^^^^^^^^^^^
  File "C:\Users\CynetAdmin\Documents\GitHub\phisiotrapifixbymimo\backend\.venv\Lib\site-packages\rest_framework\serializers.py", line 249, in data
    self._data = self.to_representation(self.instance)
                 ^^^^^^^^^^^^^^^^^^^^^^^^^^^^^^^^^^^^^
  File "C:\Users\CynetAdmin\Documents\GitHub\phisiotrapifixbymimo\backend\.venv\Lib\site-packages\rest_framework\serializers.py", line 714, in to_representation
    self.child.to_representation(item) for item in iterable
                                                   ^^^^^^^^
  File "C:\Users\CynetAdmin\Documents\GitHub\phisiotrapifixbymimo\backend\.venv\Lib\site-packages\django\db\models\query.py", line 400, in __iter__
    self._fetch_all()
  File "C:\Users\CynetAdmin\Documents\GitHub\phisiotrapifixbymimo\backend\.venv\Lib\site-packages\django\db\models\query.py", line 1928, in _fetch_all
    self._result_cache = list(self._iterable_class(self))
                         ^^^^^^^^^^^^^^^^^^^^^^^^^^^^^^^^
  File "C:\Users\CynetAdmin\Documents\GitHub\phisiotrapifixbymimo\backend\.venv\Lib\site-packages\django\db\models\query.py", line 123, in __iter__
    for row in compiler.results_iter(results):
               ^^^^^^^^^^^^^^^^^^^^^^^^^^^^^^
  File "C:\Users\CynetAdmin\Documents\GitHub\phisiotrapifixbymimo\backend\.venv\Lib\site-packages\django\db\models\sql\compiler.py", line 1512, in apply_converters
    value = converter(value, expression, connection)
            ^^^^^^^^^^^^^^^^^^^^^^^^^^^^^^^^^^^^^^^^
  File "C:\Users\CynetAdmin\Documents\GitHub\phisiotrapifixbymimo\backend\.venv\Lib\site-packages\django\db\backends\sqlite3\operations.py", line 350, in convert_uuidfield_value
    value = uuid.UUID(value)
            ^^^^^^^^^^^^^^^^
  File "C:\hostedtoolcache\windows\Python\3.12.10\x64\Lib\uuid.py", line 178, in __init__
    raise ValueError('badly formed hexadecimal UUID string')
ValueError: badly formed hexadecimal UUID string
[2026-09-29 19:23:35,794] ERROR django.server "GET /api/site-editor/media/ HTTP/1.1" 500 28937
[2026-09-29 19:27:25,726] INFO django.server "POST /api/site-editor/services/ HTTP/1.1" 201 499
[2026-09-29 19:27:25,794] INFO django.server "GET /api/site-editor/services/ HTTP/1.1" 200 3295
[2026-09-29 19:28:02,758] INFO django.server "GET /api/site-editor/public/services/ HTTP/1.1" 200 3295
[2026-09-29 19:28:47,977] INFO django.server "GET /api/public/settings/ HTTP/1.1" 200 871
[2026-09-29 19:28:47,982] INFO django.server "GET /api/site-editor/public/services/ HTTP/1.1" 200 3295
[2026-09-29 19:28:47,986] INFO django.server "GET /api/site-editor/public/theme/ HTTP/1.1" 200 301
[2026-09-29 19:28:47,989] INFO django.server "GET /api/site-editor/public/branding/ HTTP/1.1" 200 57
[2026-09-29 19:28:47,992] INFO django.server "GET /api/site-editor/public/content/ HTTP/1.1" 200 2951
[2026-09-29 19:28:47,995] INFO django.server "GET /api/public/settings/ HTTP/1.1" 200 871
[2026-09-29 19:30:47,813] INFO django.server "GET /api/videos/ HTTP/1.1" 200 10679
[2026-09-29 19:31:00,339] INFO django.server "GET /api/public/settings/ HTTP/1.1" 200 871
[2026-09-29 19:31:00,347] INFO django.server "GET /api/site-editor/public/services/ HTTP/1.1" 200 3295
[2026-09-29 19:31:00,351] INFO django.server "GET /api/public/settings/ HTTP/1.1" 200 871
[2026-09-29 19:31:00,354] INFO django.server "GET /api/site-editor/public/theme/ HTTP/1.1" 200 301
[2026-09-29 19:31:00,357] INFO django.server "GET /api/site-editor/public/branding/ HTTP/1.1" 200 57
[2026-09-29 19:31:00,360] INFO django.server "GET /api/site-editor/public/content/ HTTP/1.1" 200 2951
[2026-09-29 19:32:15,966] INFO django.server "GET /api/site-editor/public/services/ HTTP/1.1" 200 3295
[2026-09-29 19:32:55,432] INFO django.server "GET /api/public/settings/ HTTP/1.1" 200 871
[2026-09-29 19:32:55,435] INFO django.server "GET /api/site-editor/public/theme/ HTTP/1.1" 200 301
[2026-09-29 19:32:55,439] INFO django.server "GET /api/site-editor/public/branding/ HTTP/1.1" 200 57
[2026-09-29 19:32:55,440] INFO django.server "GET /api/site-editor/public/content/ HTTP/1.1" 200 2951
[2026-09-29 19:32:55,443] INFO django.server "GET /api/public/settings/ HTTP/1.1" 200 871
[2026-09-29 19:32:55,468] INFO django.server "GET /api/site-editor/theme/ HTTP/1.1" 200 301
[2026-09-29 19:32:55,471] INFO django.server "GET /api/site-editor/theme/ HTTP/1.1" 200 301
[2026-09-29 19:33:12,305] INFO django.server "GET /api/public/settings/ HTTP/1.1" 200 871
[2026-09-29 19:33:12,312] INFO django.server "GET /api/public/settings/ HTTP/1.1" 200 871
[2026-09-29 19:33:12,323] INFO django.server "GET /api/site-editor/public/services/ HTTP/1.1" 200 3295
[2026-09-29 19:33:12,330] INFO django.server "GET /api/site-editor/public/theme/ HTTP/1.1" 200 301
[2026-09-29 19:33:12,336] INFO django.server "GET /api/site-editor/public/branding/ HTTP/1.1" 200 57
[2026-09-29 19:33:12,341] INFO django.server "GET /api/site-editor/public/content/ HTTP/1.1" 200 2951
[2026-09-29 19:33:52,965] INFO django.server "GET /api/public/settings/ HTTP/1.1" 200 871
[2026-09-29 19:33:52,973] INFO django.server "GET /api/site-editor/public/services/ HTTP/1.1" 200 3295
[2026-09-29 19:33:52,980] INFO django.server "GET /api/site-editor/public/theme/ HTTP/1.1" 200 301
[2026-09-29 19:33:52,986] INFO django.server "GET /api/site-editor/public/content/ HTTP/1.1" 200 2951
[2026-09-29 19:33:52,988] INFO django.server "GET /api/site-editor/public/branding/ HTTP/1.1" 200 57
[2026-09-29 19:33:52,988] INFO django.server "GET /api/public/settings/ HTTP/1.1" 200 871
[2026-09-29 19:34:20,958] INFO django.server "GET /api/site-editor/services/ HTTP/1.1" 200 3295
[2026-09-29 19:34:20,966] ERROR config.exceptions Unhandled exception in <siteconfig.api.views.MediaLibraryView object at 0x000002DA192C3260>
Traceback (most recent call last):
  File "C:\Users\CynetAdmin\Documents\GitHub\phisiotrapifixbymimo\backend\.venv\Lib\site-packages\rest_framework\views.py", line 506, in dispatch
    response = handler(request, *args, **kwargs)
               ^^^^^^^^^^^^^^^^^^^^^^^^^^^^^^^^^
  File "C:\Users\CynetAdmin\Documents\GitHub\phisiotrapifixbymimo\backend\siteconfig\api\views.py", line 162, in get
    return Response(MediaAssetSerializer(assets, many=True).data)
                    ^^^^^^^^^^^^^^^^^^^^^^^^^^^^^^^^^^^^^^^^^^^^
  File "C:\Users\CynetAdmin\Documents\GitHub\phisiotrapifixbymimo\backend\.venv\Lib\site-packages\rest_framework\serializers.py", line 795, in data
    ret = super().data
          ^^^^^^^^^^^^
  File "C:\Users\CynetAdmin\Documents\GitHub\phisiotrapifixbymimo\backend\.venv\Lib\site-packages\rest_framework\serializers.py", line 249, in data
    self._data = self.to_representation(self.instance)
                 ^^^^^^^^^^^^^^^^^^^^^^^^^^^^^^^^^^^^^
  File "C:\Users\CynetAdmin\Documents\GitHub\phisiotrapifixbymimo\backend\.venv\Lib\site-packages\rest_framework\serializers.py", line 714, in to_representation
    self.child.to_representation(item) for item in iterable
                                                   ^^^^^^^^
  File "C:\Users\CynetAdmin\Documents\GitHub\phisiotrapifixbymimo\backend\.venv\Lib\site-packages\django\db\models\query.py", line 400, in __iter__
    self._fetch_all()
  File "C:\Users\CynetAdmin\Documents\GitHub\phisiotrapifixbymimo\backend\.venv\Lib\site-packages\django\db\models\query.py", line 1928, in _fetch_all
    self._result_cache = list(self._iterable_class(self))
                         ^^^^^^^^^^^^^^^^^^^^^^^^^^^^^^^^
  File "C:\Users\CynetAdmin\Documents\GitHub\phisiotrapifixbymimo\backend\.venv\Lib\site-packages\django\db\models\query.py", line 123, in __iter__
    for row in compiler.results_iter(results):
               ^^^^^^^^^^^^^^^^^^^^^^^^^^^^^^
  File "C:\Users\CynetAdmin\Documents\GitHub\phisiotrapifixbymimo\backend\.venv\Lib\site-packages\django\db\models\sql\compiler.py", line 1512, in apply_converters
    value = converter(value, expression, connection)
            ^^^^^^^^^^^^^^^^^^^^^^^^^^^^^^^^^^^^^^^^
  File "C:\Users\CynetAdmin\Documents\GitHub\phisiotrapifixbymimo\backend\.venv\Lib\site-packages\django\db\backends\sqlite3\operations.py", line 350, in convert_uuidfield_value
    value = uuid.UUID(value)
            ^^^^^^^^^^^^^^^^
  File "C:\hostedtoolcache\windows\Python\3.12.10\x64\Lib\uuid.py", line 178, in __init__
    raise ValueError('badly formed hexadecimal UUID string')
ValueError: badly formed hexadecimal UUID string
[2026-09-29 19:34:20,986] ERROR django.request Internal Server Error: /api/site-editor/media/
Traceback (most recent call last):
  File "C:\Users\CynetAdmin\Documents\GitHub\phisiotrapifixbymimo\backend\.venv\Lib\site-packages\django\core\handlers\exception.py", line 55, in inner
    response = get_response(request)
               ^^^^^^^^^^^^^^^^^^^^^
  File "C:\Users\CynetAdmin\Documents\GitHub\phisiotrapifixbymimo\backend\.venv\Lib\site-packages\django\core\handlers\base.py", line 197, in _get_response
    response = wrapped_callback(request, *callback_args, **callback_kwargs)
               ^^^^^^^^^^^^^^^^^^^^^^^^^^^^^^^^^^^^^^^^^^^^^^^^^^^^^^^^^^^^
  File "C:\Users\CynetAdmin\Documents\GitHub\phisiotrapifixbymimo\backend\.venv\Lib\site-packages\django\views\decorators\csrf.py", line 65, in _view_wrapper
    return view_func(request, *args, **kwargs)
           ^^^^^^^^^^^^^^^^^^^^^^^^^^^^^^^^^^^
  File "C:\Users\CynetAdmin\Documents\GitHub\phisiotrapifixbymimo\backend\.venv\Lib\site-packages\django\views\generic\base.py", line 104, in view
    return self.dispatch(request, *args, **kwargs)
           ^^^^^^^^^^^^^^^^^^^^^^^^^^^^^^^^^^^^^^^
  File "C:\Users\CynetAdmin\Documents\GitHub\phisiotrapifixbymimo\backend\.venv\Lib\site-packages\rest_framework\views.py", line 509, in dispatch
    response = self.handle_exception(exc)
               ^^^^^^^^^^^^^^^^^^^^^^^^^^
  File "C:\Users\CynetAdmin\Documents\GitHub\phisiotrapifixbymimo\backend\.venv\Lib\site-packages\rest_framework\views.py", line 469, in handle_exception
    self.raise_uncaught_exception(exc)
  File "C:\Users\CynetAdmin\Documents\GitHub\phisiotrapifixbymimo\backend\.venv\Lib\site-packages\rest_framework\views.py", line 480, in raise_uncaught_exception
    raise exc
  File "C:\Users\CynetAdmin\Documents\GitHub\phisiotrapifixbymimo\backend\.venv\Lib\site-packages\rest_framework\views.py", line 506, in dispatch
    response = handler(request, *args, **kwargs)
               ^^^^^^^^^^^^^^^^^^^^^^^^^^^^^^^^^
  File "C:\Users\CynetAdmin\Documents\GitHub\phisiotrapifixbymimo\backend\siteconfig\api\views.py", line 162, in get
    return Response(MediaAssetSerializer(assets, many=True).data)
                    ^^^^^^^^^^^^^^^^^^^^^^^^^^^^^^^^^^^^^^^^^^^^
  File "C:\Users\CynetAdmin\Documents\GitHub\phisiotrapifixbymimo\backend\.venv\Lib\site-packages\rest_framework\serializers.py", line 795, in data
    ret = super().data
          ^^^^^^^^^^^^
  File "C:\Users\CynetAdmin\Documents\GitHub\phisiotrapifixbymimo\backend\.venv\Lib\site-packages\rest_framework\serializers.py", line 249, in data
    self._data = self.to_representation(self.instance)
                 ^^^^^^^^^^^^^^^^^^^^^^^^^^^^^^^^^^^^^
  File "C:\Users\CynetAdmin\Documents\GitHub\phisiotrapifixbymimo\backend\.venv\Lib\site-packages\rest_framework\serializers.py", line 714, in to_representation
    self.child.to_representation(item) for item in iterable
                                                   ^^^^^^^^
  File "C:\Users\CynetAdmin\Documents\GitHub\phisiotrapifixbymimo\backend\.venv\Lib\site-packages\django\db\models\query.py", line 400, in __iter__
    self._fetch_all()
  File "C:\Users\CynetAdmin\Documents\GitHub\phisiotrapifixbymimo\backend\.venv\Lib\site-packages\django\db\models\query.py", line 1928, in _fetch_all
    self._result_cache = list(self._iterable_class(self))
                         ^^^^^^^^^^^^^^^^^^^^^^^^^^^^^^^^
  File "C:\Users\CynetAdmin\Documents\GitHub\phisiotrapifixbymimo\backend\.venv\Lib\site-packages\django\db\models\query.py", line 123, in __iter__
    for row in compiler.results_iter(results):
               ^^^^^^^^^^^^^^^^^^^^^^^^^^^^^^
  File "C:\Users\CynetAdmin\Documents\GitHub\phisiotrapifixbymimo\backend\.venv\Lib\site-packages\django\db\models\sql\compiler.py", line 1512, in apply_converters
    value = converter(value, expression, connection)
            ^^^^^^^^^^^^^^^^^^^^^^^^^^^^^^^^^^^^^^^^
  File "C:\Users\CynetAdmin\Documents\GitHub\phisiotrapifixbymimo\backend\.venv\Lib\site-packages\django\db\backends\sqlite3\operations.py", line 350, in convert_uuidfield_value
    value = uuid.UUID(value)
            ^^^^^^^^^^^^^^^^
  File "C:\hostedtoolcache\windows\Python\3.12.10\x64\Lib\uuid.py", line 178, in __init__
    raise ValueError('badly formed hexadecimal UUID string')
ValueError: badly formed hexadecimal UUID string
[2026-09-29 19:34:20,987] ERROR django.server "GET /api/site-editor/media/ HTTP/1.1" 500 28937
[2026-09-29 19:35:58,498] INFO django.server "OPTIONS /api/site-editor/services/8b634374-dda5-4cb7-8a34-982caa96d11c/ HTTP/1.1" 200 0
[2026-09-29 19:35:58,630] INFO django.server "DELETE /api/site-editor/services/8b634374-dda5-4cb7-8a34-982caa96d11c/ HTTP/1.1" 204 0
[2026-09-29 19:35:58,637] INFO django.server "GET /api/site-editor/services/ HTTP/1.1" 200 2795
[2026-09-29 19:35:58,827] ERROR config.exceptions Unhandled exception in <siteconfig.api.views.MediaLibraryView object at 0x000002DA18D46060>
Traceback (most recent call last):
  File "C:\Users\CynetAdmin\Documents\GitHub\phisiotrapifixbymimo\backend\.venv\Lib\site-packages\rest_framework\views.py", line 506, in dispatch
    response = handler(request, *args, **kwargs)
               ^^^^^^^^^^^^^^^^^^^^^^^^^^^^^^^^^
  File "C:\Users\CynetAdmin\Documents\GitHub\phisiotrapifixbymimo\backend\siteconfig\api\views.py", line 162, in get
    return Response(MediaAssetSerializer(assets, many=True).data)
                    ^^^^^^^^^^^^^^^^^^^^^^^^^^^^^^^^^^^^^^^^^^^^
  File "C:\Users\CynetAdmin\Documents\GitHub\phisiotrapifixbymimo\backend\.venv\Lib\site-packages\rest_framework\serializers.py", line 795, in data
    ret = super().data
          ^^^^^^^^^^^^
  File "C:\Users\CynetAdmin\Documents\GitHub\phisiotrapifixbymimo\backend\.venv\Lib\site-packages\rest_framework\serializers.py", line 249, in data
    self._data = self.to_representation(self.instance)
                 ^^^^^^^^^^^^^^^^^^^^^^^^^^^^^^^^^^^^^
  File "C:\Users\CynetAdmin\Documents\GitHub\phisiotrapifixbymimo\backend\.venv\Lib\site-packages\rest_framework\serializers.py", line 714, in to_representation
    self.child.to_representation(item) for item in iterable
                                                   ^^^^^^^^
  File "C:\Users\CynetAdmin\Documents\GitHub\phisiotrapifixbymimo\backend\.venv\Lib\site-packages\django\db\models\query.py", line 400, in __iter__
    self._fetch_all()
  File "C:\Users\CynetAdmin\Documents\GitHub\phisiotrapifixbymimo\backend\.venv\Lib\site-packages\django\db\models\query.py", line 1928, in _fetch_all
    self._result_cache = list(self._iterable_class(self))
                         ^^^^^^^^^^^^^^^^^^^^^^^^^^^^^^^^
  File "C:\Users\CynetAdmin\Documents\GitHub\phisiotrapifixbymimo\backend\.venv\Lib\site-packages\django\db\models\query.py", line 123, in __iter__
    for row in compiler.results_iter(results):
               ^^^^^^^^^^^^^^^^^^^^^^^^^^^^^^
  File "C:\Users\CynetAdmin\Documents\GitHub\phisiotrapifixbymimo\backend\.venv\Lib\site-packages\django\db\models\sql\compiler.py", line 1512, in apply_converters
    value = converter(value, expression, connection)
            ^^^^^^^^^^^^^^^^^^^^^^^^^^^^^^^^^^^^^^^^
  File "C:\Users\CynetAdmin\Documents\GitHub\phisiotrapifixbymimo\backend\.venv\Lib\site-packages\django\db\backends\sqlite3\operations.py", line 350, in convert_uuidfield_value
    value = uuid.UUID(value)
            ^^^^^^^^^^^^^^^^
  File "C:\hostedtoolcache\windows\Python\3.12.10\x64\Lib\uuid.py", line 178, in __init__
    raise ValueError('badly formed hexadecimal UUID string')
ValueError: badly formed hexadecimal UUID string
[2026-09-29 19:35:58,853] ERROR django.request Internal Server Error: /api/site-editor/media/
Traceback (most recent call last):
  File "C:\Users\CynetAdmin\Documents\GitHub\phisiotrapifixbymimo\backend\.venv\Lib\site-packages\django\core\handlers\exception.py", line 55, in inner
    response = get_response(request)
               ^^^^^^^^^^^^^^^^^^^^^
  File "C:\Users\CynetAdmin\Documents\GitHub\phisiotrapifixbymimo\backend\.venv\Lib\site-packages\django\core\handlers\base.py", line 197, in _get_response
    response = wrapped_callback(request, *callback_args, **callback_kwargs)
               ^^^^^^^^^^^^^^^^^^^^^^^^^^^^^^^^^^^^^^^^^^^^^^^^^^^^^^^^^^^^
  File "C:\Users\CynetAdmin\Documents\GitHub\phisiotrapifixbymimo\backend\.venv\Lib\site-packages\django\views\decorators\csrf.py", line 65, in _view_wrapper
    return view_func(request, *args, **kwargs)
           ^^^^^^^^^^^^^^^^^^^^^^^^^^^^^^^^^^^
  File "C:\Users\CynetAdmin\Documents\GitHub\phisiotrapifixbymimo\backend\.venv\Lib\site-packages\django\views\generic\base.py", line 104, in view
    return self.dispatch(request, *args, **kwargs)
           ^^^^^^^^^^^^^^^^^^^^^^^^^^^^^^^^^^^^^^^
  File "C:\Users\CynetAdmin\Documents\GitHub\phisiotrapifixbymimo\backend\.venv\Lib\site-packages\rest_framework\views.py", line 509, in dispatch
    response = self.handle_exception(exc)
               ^^^^^^^^^^^^^^^^^^^^^^^^^^
  File "C:\Users\CynetAdmin\Documents\GitHub\phisiotrapifixbymimo\backend\.venv\Lib\site-packages\rest_framework\views.py", line 469, in handle_exception
    self.raise_uncaught_exception(exc)
  File "C:\Users\CynetAdmin\Documents\GitHub\phisiotrapifixbymimo\backend\.venv\Lib\site-packages\rest_framework\views.py", line 480, in raise_uncaught_exception
    raise exc
  File "C:\Users\CynetAdmin\Documents\GitHub\phisiotrapifixbymimo\backend\.venv\Lib\site-packages\rest_framework\views.py", line 506, in dispatch
    response = handler(request, *args, **kwargs)
               ^^^^^^^^^^^^^^^^^^^^^^^^^^^^^^^^^
  File "C:\Users\CynetAdmin\Documents\GitHub\phisiotrapifixbymimo\backend\siteconfig\api\views.py", line 162, in get
    return Response(MediaAssetSerializer(assets, many=True).data)
                    ^^^^^^^^^^^^^^^^^^^^^^^^^^^^^^^^^^^^^^^^^^^^
  File "C:\Users\CynetAdmin\Documents\GitHub\phisiotrapifixbymimo\backend\.venv\Lib\site-packages\rest_framework\serializers.py", line 795, in data
    ret = super().data
          ^^^^^^^^^^^^
  File "C:\Users\CynetAdmin\Documents\GitHub\phisiotrapifixbymimo\backend\.venv\Lib\site-packages\rest_framework\serializers.py", line 249, in data
    self._data = self.to_representation(self.instance)
                 ^^^^^^^^^^^^^^^^^^^^^^^^^^^^^^^^^^^^^
  File "C:\Users\CynetAdmin\Documents\GitHub\phisiotrapifixbymimo\backend\.venv\Lib\site-packages\rest_framework\serializers.py", line 714, in to_representation
    self.child.to_representation(item) for item in iterable
                                                   ^^^^^^^^
  File "C:\Users\CynetAdmin\Documents\GitHub\phisiotrapifixbymimo\backend\.venv\Lib\site-packages\django\db\models\query.py", line 400, in __iter__
    self._fetch_all()
  File "C:\Users\CynetAdmin\Documents\GitHub\phisiotrapifixbymimo\backend\.venv\Lib\site-packages\django\db\models\query.py", line 1928, in _fetch_all
    self._result_cache = list(self._iterable_class(self))
                         ^^^^^^^^^^^^^^^^^^^^^^^^^^^^^^^^
  File "C:\Users\CynetAdmin\Documents\GitHub\phisiotrapifixbymimo\backend\.venv\Lib\site-packages\django\db\models\query.py", line 123, in __iter__
    for row in compiler.results_iter(results):
               ^^^^^^^^^^^^^^^^^^^^^^^^^^^^^^
  File "C:\Users\CynetAdmin\Documents\GitHub\phisiotrapifixbymimo\backend\.venv\Lib\site-packages\django\db\models\sql\compiler.py", line 1512, in apply_converters
    value = converter(value, expression, connection)
            ^^^^^^^^^^^^^^^^^^^^^^^^^^^^^^^^^^^^^^^^
  File "C:\Users\CynetAdmin\Documents\GitHub\phisiotrapifixbymimo\backend\.venv\Lib\site-packages\django\db\backends\sqlite3\operations.py", line 350, in convert_uuidfield_value
    value = uuid.UUID(value)
            ^^^^^^^^^^^^^^^^
  File "C:\hostedtoolcache\windows\Python\3.12.10\x64\Lib\uuid.py", line 178, in __init__
    raise ValueError('badly formed hexadecimal UUID string')
ValueError: badly formed hexadecimal UUID string
[2026-09-29 19:35:58,854] ERROR django.server "GET /api/site-editor/media/ HTTP/1.1" 500 28937
[2026-09-29 19:36:23,153] INFO django.server "GET /api/public/settings/ HTTP/1.1" 200 871
[2026-09-29 19:36:23,156] INFO django.server "GET /api/site-editor/public/services/ HTTP/1.1" 200 2795
[2026-09-29 19:36:23,157] INFO django.server "GET /api/site-editor/public/content/ HTTP/1.1" 200 2951
[2026-09-29 19:36:23,157] INFO django.server "GET /api/site-editor/public/branding/ HTTP/1.1" 200 57
[2026-09-29 19:36:23,159] INFO django.server "GET /api/site-editor/public/theme/ HTTP/1.1" 200 301
[2026-09-29 19:36:23,166] INFO django.server "GET /api/public/settings/ HTTP/1.1" 200 871
[2026-09-29 19:36:39,351] INFO django.server "GET /api/site-editor/public/services/ HTTP/1.1" 200 2795
