C:\Users\CynetAdmin\Documents\GitHub\phisiotrapifixbymimo\backend\config\settings.py:36: UserWarning: DJANGO_SECRET_KEY not set — generated a random key. Set it in .env for production!
  warnings.warn("DJANGO_SECRET_KEY not set — generated a random key. Set it in .env for production!")
C:\Users\CynetAdmin\Documents\GitHub\phisiotrapifixbymimo\backend\config\settings.py:36: UserWarning: DJANGO_SECRET_KEY not set — generated a random key. Set it in .env for production!
  warnings.warn("DJANGO_SECRET_KEY not set — generated a random key. Set it in .env for production!")
[2026-09-26 11:15:29,874] INFO django.utils.autoreload Watching for file changes with StatReloader
[2026-09-26 11:15:35,524] INFO django.server "GET /api/public/settings/ HTTP/1.1" 200 383
[2026-09-26 11:15:48,372] WARNING django.request Not Found: /health
[2026-09-26 11:15:48,372] WARNING django.server "GET /health HTTP/1.1" 404 179
[2026-09-26 11:16:18,372] WARNING django.request Not Found: /health
[2026-09-26 11:16:18,374] WARNING django.server "GET /health HTTP/1.1" 404 179
[2026-09-26 11:16:19,906] INFO django.server "GET /api/public/settings/ HTTP/1.1" 200 383
[2026-09-26 11:16:48,377] WARNING django.request Not Found: /health
[2026-09-26 11:16:48,377] WARNING django.server "GET /health HTTP/1.1" 404 179
[2026-09-26 11:17:16,915] INFO django.server "GET /api/public/settings/ HTTP/1.1" 200 383
[2026-09-26 11:17:16,933] INFO django.server "GET /api/public/settings/ HTTP/1.1" 200 383
[2026-09-26 11:17:17,927] INFO django.server "GET /api/public/settings/ HTTP/1.1" 200 383
[2026-09-26 11:17:17,945] INFO django.server "GET /api/public/settings/ HTTP/1.1" 200 383
[2026-09-26 11:17:18,378] WARNING django.request Not Found: /health
[2026-09-26 11:17:18,379] WARNING django.server "GET /health HTTP/1.1" 404 179
[2026-09-26 11:17:21,992] INFO django.server "GET /api/public/settings/ HTTP/1.1" 200 383
[2026-09-26 11:17:21,996] INFO django.server "GET /api/public/settings/ HTTP/1.1" 200 383
[2026-09-26 11:17:23,014] INFO django.server "GET /api/public/settings/ HTTP/1.1" 200 383
[2026-09-26 11:17:23,017] INFO django.server "GET /api/public/settings/ HTTP/1.1" 200 383
[2026-09-26 11:17:48,380] WARNING django.request Not Found: /health
[2026-09-26 11:17:48,380] WARNING django.server "GET /health HTTP/1.1" 404 179
[2026-09-26 11:18:18,394] WARNING django.request Not Found: /health
[2026-09-26 11:18:18,394] WARNING django.server "GET /health HTTP/1.1" 404 179
[2026-09-26 11:18:48,396] WARNING django.request Not Found: /health
[2026-09-26 11:18:48,397] WARNING django.server "GET /health HTTP/1.1" 404 179
[2026-09-26 11:19:18,397] WARNING django.request Not Found: /health
[2026-09-26 11:19:18,399] WARNING django.server "GET /health HTTP/1.1" 404 179
[2026-09-26 11:19:48,401] WARNING django.request Not Found: /health
[2026-09-26 11:19:48,401] WARNING django.server "GET /health HTTP/1.1" 404 179
[2026-09-26 11:20:18,401] WARNING django.request Not Found: /health
[2026-09-26 11:20:18,403] WARNING django.server "GET /health HTTP/1.1" 404 179
[2026-09-26 11:20:48,405] WARNING django.request Not Found: /health
[2026-09-26 11:20:48,405] WARNING django.server "GET /health HTTP/1.1" 404 179
[2026-09-26 11:21:18,406] WARNING django.request Not Found: /health
[2026-09-26 11:21:18,406] WARNING django.server "GET /health HTTP/1.1" 404 179
[2026-09-26 11:21:48,408] WARNING django.request Not Found: /health
[2026-09-26 11:21:48,408] WARNING django.server "GET /health HTTP/1.1" 404 179
[2026-09-26 11:22:18,410] WARNING django.request Not Found: /health
[2026-09-26 11:22:18,410] WARNING django.server "GET /health HTTP/1.1" 404 179
[2026-09-26 11:22:48,412] WARNING django.request Not Found: /health
[2026-09-26 11:22:48,412] WARNING django.server "GET /health HTTP/1.1" 404 179
[2026-09-26 11:23:18,413] WARNING django.request Not Found: /health
[2026-09-26 11:23:18,414] WARNING django.server "GET /health HTTP/1.1" 404 179
[2026-09-26 11:23:48,414] WARNING django.request Not Found: /health
[2026-09-26 11:23:48,414] WARNING django.server "GET /health HTTP/1.1" 404 179
[2026-09-26 11:24:14,151] INFO django.server "GET /api/public/settings/ HTTP/1.1" 200 383
[2026-09-26 11:24:14,206] INFO django.server "GET /api/public/settings/ HTTP/1.1" 200 383
[2026-09-26 11:24:14,219] INFO django.server "GET /api/public/settings/ HTTP/1.1" 200 383
[2026-09-26 11:24:14,251] INFO django.server "GET /api/public/settings/ HTTP/1.1" 200 383
[2026-09-26 11:24:15,188] INFO django.server "GET /api/public/settings/ HTTP/1.1" 200 383
[2026-09-26 11:24:15,220] INFO django.server "GET /api/public/settings/ HTTP/1.1" 200 383
[2026-09-26 11:24:15,276] INFO django.server "GET /api/public/settings/ HTTP/1.1" 200 383
[2026-09-26 11:24:15,280] INFO django.server "GET /api/public/settings/ HTTP/1.1" 200 383
[2026-09-26 11:24:18,418] WARNING django.request Not Found: /health
[2026-09-26 11:24:18,418] WARNING django.server "GET /health HTTP/1.1" 404 179
[2026-09-26 11:24:48,420] WARNING django.request Not Found: /health
[2026-09-26 11:24:48,420] WARNING django.server "GET /health HTTP/1.1" 404 179
[2026-09-26 11:25:18,423] WARNING django.request Not Found: /health
[2026-09-26 11:25:18,423] WARNING django.server "GET /health HTTP/1.1" 404 179
[2026-09-26 11:25:48,425] WARNING django.request Not Found: /health
[2026-09-26 11:25:48,425] WARNING django.server "GET /health HTTP/1.1" 404 179
[2026-09-26 11:26:18,425] WARNING django.request Not Found: /health
[2026-09-26 11:26:18,426] WARNING django.server "GET /health HTTP/1.1" 404 179
[2026-09-26 11:26:48,427] WARNING django.request Not Found: /health
[2026-09-26 11:26:48,428] WARNING django.server "GET /health HTTP/1.1" 404 179
[2026-09-26 11:27:18,431] WARNING django.request Not Found: /health
[2026-09-26 11:27:18,431] WARNING django.server "GET /health HTTP/1.1" 404 179
[2026-09-26 11:27:48,432] WARNING django.request Not Found: /health
[2026-09-26 11:27:48,432] WARNING django.server "GET /health HTTP/1.1" 404 179
[2026-09-26 11:28:18,433] WARNING django.request Not Found: /health
[2026-09-26 11:28:18,433] WARNING django.server "GET /health HTTP/1.1" 404 179
[2026-09-26 11:28:48,437] WARNING django.request Not Found: /health
[2026-09-26 11:28:48,438] WARNING django.server "GET /health HTTP/1.1" 404 179
[2026-09-26 11:29:18,438] WARNING django.request Not Found: /health
[2026-09-26 11:29:18,438] WARNING django.server "GET /health HTTP/1.1" 404 179
[2026-09-26 11:29:48,440] WARNING django.request Not Found: /health
[2026-09-26 11:29:48,440] WARNING django.server "GET /health HTTP/1.1" 404 179
[2026-09-26 11:29:55,863] INFO django.server "GET /api/public/settings/ HTTP/1.1" 200 383
[2026-09-26 11:29:55,867] INFO django.server "GET /api/public/settings/ HTTP/1.1" 200 383
[2026-09-26 11:29:55,870] INFO django.server "GET /api/public/settings/ HTTP/1.1" 200 383
[2026-09-26 11:29:55,882] INFO django.server "GET /api/public/settings/ HTTP/1.1" 200 383
[2026-09-26 11:29:56,871] INFO django.server "GET /api/public/settings/ HTTP/1.1" 200 383
[2026-09-26 11:29:56,875] INFO django.server "GET /api/public/settings/ HTTP/1.1" 200 383
[2026-09-26 11:29:56,878] INFO django.server "GET /api/public/settings/ HTTP/1.1" 200 383
[2026-09-26 11:29:56,905] INFO django.server "GET /api/public/settings/ HTTP/1.1" 200 383
[2026-09-26 11:30:18,441] WARNING django.request Not Found: /health
[2026-09-26 11:30:18,443] WARNING django.server "GET /health HTTP/1.1" 404 179
[2026-09-26 11:30:48,445] WARNING django.request Not Found: /health
[2026-09-26 11:30:48,445] WARNING django.server "GET /health HTTP/1.1" 404 179
[2026-09-26 11:31:18,447] WARNING django.request Not Found: /health
[2026-09-26 11:31:18,448] WARNING django.server "GET /health HTTP/1.1" 404 179
[2026-09-26 11:31:48,448] WARNING django.request Not Found: /health
[2026-09-26 11:31:48,449] WARNING django.server "GET /health HTTP/1.1" 404 179
[2026-09-26 11:32:18,449] WARNING django.request Not Found: /health
[2026-09-26 11:32:18,449] WARNING django.server "GET /health HTTP/1.1" 404 179
[2026-09-26 11:32:32,803] INFO django.server "GET /api/public/settings/ HTTP/1.1" 200 383
[2026-09-26 11:32:32,830] INFO django.server "GET /api/public/settings/ HTTP/1.1" 200 383
[2026-09-26 11:32:32,859] INFO django.server "GET /api/public/settings/ HTTP/1.1" 200 383
[2026-09-26 11:32:32,865] INFO django.server "GET /api/public/settings/ HTTP/1.1" 200 383
[2026-09-26 11:32:33,821] INFO django.server "GET /api/public/settings/ HTTP/1.1" 200 383
[2026-09-26 11:32:33,838] INFO django.server "GET /api/public/settings/ HTTP/1.1" 200 383
[2026-09-26 11:32:33,889] INFO django.server "GET /api/public/settings/ HTTP/1.1" 200 383
[2026-09-26 11:32:33,892] INFO django.server "GET /api/public/settings/ HTTP/1.1" 200 383
[2026-09-26 11:32:48,451] WARNING django.request Not Found: /health
[2026-09-26 11:32:48,451] WARNING django.server "GET /health HTTP/1.1" 404 179
[2026-09-26 11:33:18,454] WARNING django.request Not Found: /health
[2026-09-26 11:33:18,454] WARNING django.server "GET /health HTTP/1.1" 404 179
[2026-09-26 11:33:48,455] WARNING django.request Not Found: /health
[2026-09-26 11:33:48,455] WARNING django.server "GET /health HTTP/1.1" 404 179
[2026-09-26 11:34:18,456] WARNING django.request Not Found: /health
[2026-09-26 11:34:18,457] WARNING django.server "GET /health HTTP/1.1" 404 179
[2026-09-26 11:34:48,459] WARNING django.request Not Found: /health
[2026-09-26 11:34:48,459] WARNING django.server "GET /health HTTP/1.1" 404 179
[2026-09-26 11:35:18,461] WARNING django.request Not Found: /health
[2026-09-26 11:35:18,462] WARNING django.server "GET /health HTTP/1.1" 404 179
[2026-09-26 11:35:48,464] WARNING django.request Not Found: /health
[2026-09-26 11:35:48,464] WARNING django.server "GET /health HTTP/1.1" 404 179
[2026-09-26 11:35:59,209] INFO django.server "GET /api/public/settings/ HTTP/1.1" 200 383
[2026-09-26 11:35:59,216] INFO django.server "GET /api/public/settings/ HTTP/1.1" 200 383
[2026-09-26 11:36:00,231] INFO django.server "GET /api/public/settings/ HTTP/1.1" 200 383
[2026-09-26 11:36:00,234] INFO django.server "GET /api/public/settings/ HTTP/1.1" 200 383
[2026-09-26 11:36:18,465] WARNING django.request Not Found: /health
[2026-09-26 11:36:18,465] WARNING django.server "GET /health HTTP/1.1" 404 179
[2026-09-26 11:36:48,465] WARNING django.request Not Found: /health
[2026-09-26 11:36:48,465] WARNING django.server "GET /health HTTP/1.1" 404 179
[2026-09-26 11:37:18,467] WARNING django.request Not Found: /health
[2026-09-26 11:37:18,469] WARNING django.server "GET /health HTTP/1.1" 404 179
[2026-09-26 11:37:48,471] WARNING django.request Not Found: /health
[2026-09-26 11:37:48,471] WARNING django.server "GET /health HTTP/1.1" 404 179
[2026-09-26 11:38:18,472] WARNING django.request Not Found: /health
[2026-09-26 11:38:18,472] WARNING django.server "GET /health HTTP/1.1" 404 179
[2026-09-26 11:38:48,474] WARNING django.request Not Found: /health
[2026-09-26 11:38:48,474] WARNING django.server "GET /health HTTP/1.1" 404 179
[2026-09-26 11:39:18,475] WARNING django.request Not Found: /health
[2026-09-26 11:39:18,475] WARNING django.server "GET /health HTTP/1.1" 404 179
[2026-09-26 11:39:48,476] WARNING django.request Not Found: /health
[2026-09-26 11:39:48,476] WARNING django.server "GET /health HTTP/1.1" 404 179
[2026-09-26 11:40:18,479] WARNING django.request Not Found: /health
[2026-09-26 11:40:18,479] WARNING django.server "GET /health HTTP/1.1" 404 179
[2026-09-26 11:40:48,480] WARNING django.request Not Found: /health
[2026-09-26 11:40:48,482] WARNING django.server "GET /health HTTP/1.1" 404 179
[2026-09-26 11:41:18,483] WARNING django.request Not Found: /health
[2026-09-26 11:41:18,484] WARNING django.server "GET /health HTTP/1.1" 404 179
[2026-09-26 11:41:48,489] WARNING django.request Not Found: /health
[2026-09-26 11:41:48,490] WARNING django.server "GET /health HTTP/1.1" 404 179
[2026-09-26 11:42:18,490] WARNING django.request Not Found: /health
[2026-09-26 11:42:18,490] WARNING django.server "GET /health HTTP/1.1" 404 179
[2026-09-26 11:42:48,491] WARNING django.request Not Found: /health
[2026-09-26 11:42:48,492] WARNING django.server "GET /health HTTP/1.1" 404 179
[2026-09-26 11:43:18,494] WARNING django.request Not Found: /health
[2026-09-26 11:43:18,494] WARNING django.server "GET /health HTTP/1.1" 404 179
[2026-09-26 11:43:59,322] INFO django.server "GET /api/public/settings/ HTTP/1.1" 200 383
[2026-09-26 11:43:59,326] INFO django.server "GET /api/public/settings/ HTTP/1.1" 200 383
[2026-09-26 11:43:59,330] INFO django.server "GET /api/public/settings/ HTTP/1.1" 200 383
[2026-09-26 11:43:59,335] INFO django.server "GET /api/public/settings/ HTTP/1.1" 200 383
[2026-09-26 11:44:00,331] INFO django.server "GET /api/public/settings/ HTTP/1.1" 200 383
[2026-09-26 11:44:00,336] INFO django.server "GET /api/public/settings/ HTTP/1.1" 200 383
[2026-09-26 11:44:00,341] INFO django.server "GET /api/public/settings/ HTTP/1.1" 200 383
[2026-09-26 11:44:00,345] INFO django.server "GET /api/public/settings/ HTTP/1.1" 200 383
[2026-09-26 11:46:59,105] INFO django.server "GET /api/public/settings/ HTTP/1.1" 200 383
[2026-09-26 11:46:59,119] INFO django.server "GET /api/videos/ HTTP/1.1" 200 3891
[2026-09-26 11:46:59,123] INFO django.server "GET /api/public/settings/ HTTP/1.1" 200 383
[2026-09-26 11:47:00,129] INFO django.server "GET /api/videos/ HTTP/1.1" 200 3891
[2026-09-26 11:47:00,130] INFO django.server "GET /api/public/settings/ HTTP/1.1" 200 383
[2026-09-26 11:47:00,133] INFO django.server "GET /api/public/settings/ HTTP/1.1" 200 383
[2026-09-26 11:47:46,883] INFO django.server - Broken pipe from ('127.0.0.1', 64055)
[2026-09-26 11:48:07,093] INFO django.server "GET /api/videos/ HTTP/1.1" 200 3891
[2026-09-26 11:48:49,653] INFO django.server "HEAD /api/videos/ HTTP/1.1" 200 0
[2026-09-26 11:49:10,469] INFO django.server "GET /api/videos/ HTTP/1.1" 200 3891
[2026-09-26 11:49:47,602] INFO django.server "GET /api/public/settings/ HTTP/1.1" 200 383
[2026-09-26 11:49:47,610] INFO django.server "GET /api/public/settings/ HTTP/1.1" 200 383
[2026-09-26 11:49:48,623] INFO django.server "GET /api/public/settings/ HTTP/1.1" 200 383
[2026-09-26 11:49:48,627] INFO django.server "GET /api/public/settings/ HTTP/1.1" 200 383
[2026-09-26 11:50:04,770] INFO django.server "GET /api/news/ HTTP/1.1" 200 1414
[2026-09-26 11:50:05,788] INFO django.server "GET /api/news/ HTTP/1.1" 200 1414
[2026-09-26 11:50:08,984] INFO django.server "GET /api/academy/courses/ HTTP/1.1" 200 1105
[2026-09-26 11:50:09,994] INFO django.server "GET /api/academy/courses/ HTTP/1.1" 200 1105
[2026-09-26 11:50:13,904] INFO django.server "GET /api/videos/ HTTP/1.1" 200 3891
[2026-09-26 11:50:14,921] INFO django.server "GET /api/videos/ HTTP/1.1" 200 3891
[2026-09-26 11:50:18,919] INFO django.server "GET /api/appointments/doctors/ HTTP/1.1" 200 631
[2026-09-26 11:50:19,943] INFO django.server "GET /api/appointments/doctors/ HTTP/1.1" 200 631
[2026-09-26 11:50:20,339] INFO django.server "GET /api/public/settings/ HTTP/1.1" 200 383
[2026-09-26 11:50:21,352] INFO django.server "GET /api/public/settings/ HTTP/1.1" 200 383
[2026-09-26 11:50:48,471] INFO django.server "GET /api/appointments/doctors/ HTTP/1.1" 200 631
[2026-09-26 11:50:48,483] INFO django.server "GET /api/public/settings/ HTTP/1.1" 200 383
[2026-09-26 11:50:49,489] INFO django.server "GET /api/public/settings/ HTTP/1.1" 200 383
[2026-09-26 11:50:49,726] INFO django.server "GET /api/videos/ HTTP/1.1" 200 3891
[2026-09-26 11:50:50,736] INFO django.server "GET /api/videos/ HTTP/1.1" 200 3891
[2026-09-26 11:51:16,099] INFO django.server "GET /api/public/settings/ HTTP/1.1" 200 383
[2026-09-26 11:51:16,103] INFO django.server "GET /api/videos/ HTTP/1.1" 200 3891
[2026-09-26 11:51:16,108] INFO django.server "GET /api/public/settings/ HTTP/1.1" 200 383
[2026-09-26 11:51:17,135] INFO django.server "GET /api/public/settings/ HTTP/1.1" 200 383
[2026-09-26 11:51:17,139] INFO django.server "GET /api/videos/ HTTP/1.1" 200 3891
[2026-09-26 11:51:17,143] INFO django.server "GET /api/public/settings/ HTTP/1.1" 200 383
[2026-09-26 11:51:33,782] INFO django.server "GET /api/videos/ HTTP/1.1" 200 3891
[2026-09-26 11:52:41,799] INFO django.server "GET /api/videos/ HTTP/1.1" 200 3891
[2026-09-26 11:54:06,764] INFO django.server "GET /api/public/settings/ HTTP/1.1" 200 383
[2026-09-26 11:57:09,106] INFO django.server "GET /api/public/settings/ HTTP/1.1" 200 383
[2026-09-26 11:59:16,292] INFO django.server "GET /api/public/settings/ HTTP/1.1" 200 383
[2026-09-26 12:02:34,533] INFO django.server "GET /api/public/settings/ HTTP/1.1" 200 383
